------------------------------------------------------------
TimeQuest Timing Analyzer Summary
------------------------------------------------------------

Type  : Slow 1200mV 85C Model Setup 'inst21'
Slack : -0.001
TNS   : -0.001

Type  : Slow 1200mV 85C Model Setup 'inst29'
Slack : -0.001
TNS   : -0.001

Type  : Slow 1200mV 85C Model Setup 'inst33'
Slack : 0.003
TNS   : 0.000

Type  : Slow 1200mV 85C Model Setup 'inst41'
Slack : 0.003
TNS   : 0.000

Type  : Slow 1200mV 85C Model Setup 'inst25'
Slack : 0.004
TNS   : 0.000

Type  : Slow 1200mV 85C Model Setup 'inst13'
Slack : 0.007
TNS   : 0.000

Type  : Slow 1200mV 85C Model Setup 'inst18'
Slack : 0.015
TNS   : 0.000

Type  : Slow 1200mV 85C Model Setup 'inst9'
Slack : 0.015
TNS   : 0.000

Type  : Slow 1200mV 85C Model Setup 'inst23'
Slack : 0.020
TNS   : 0.000

Type  : Slow 1200mV 85C Model Setup 'inst35'
Slack : 0.021
TNS   : 0.000

Type  : Slow 1200mV 85C Model Setup 'inst19'
Slack : 0.022
TNS   : 0.000

Type  : Slow 1200mV 85C Model Setup 'inst27'
Slack : 0.022
TNS   : 0.000

Type  : Slow 1200mV 85C Model Setup 'inst43'
Slack : 0.027
TNS   : 0.000

Type  : Slow 1200mV 85C Model Setup 'inst11'
Slack : 0.028
TNS   : 0.000

Type  : Slow 1200mV 85C Model Setup 'inst3'
Slack : 0.045
TNS   : 0.000

Type  : Slow 1200mV 85C Model Setup 'CLK'
Slack : 0.049
TNS   : 0.000

Type  : Slow 1200mV 85C Model Setup 'inst7'
Slack : 0.131
TNS   : 0.000

Type  : Slow 1200mV 85C Model Setup 'inst37'
Slack : 0.197
TNS   : 0.000

Type  : Slow 1200mV 85C Model Setup 'inst5'
Slack : 0.197
TNS   : 0.000

Type  : Slow 1200mV 85C Model Setup 'inst31'
Slack : 0.198
TNS   : 0.000

Type  : Slow 1200mV 85C Model Setup 'inst'
Slack : 0.207
TNS   : 0.000

Type  : Slow 1200mV 85C Model Setup 'inst39'
Slack : 0.218
TNS   : 0.000

Type  : Slow 1200mV 85C Model Setup 'inst15'
Slack : 0.283
TNS   : 0.000

Type  : Slow 1200mV 85C Model Setup 'inst45'
Slack : 0.318
TNS   : 0.000

Type  : Slow 1200mV 85C Model Hold 'inst39'
Slack : -0.165
TNS   : -0.165

Type  : Slow 1200mV 85C Model Hold 'inst31'
Slack : -0.144
TNS   : -0.144

Type  : Slow 1200mV 85C Model Hold 'inst15'
Slack : -0.133
TNS   : -0.133

Type  : Slow 1200mV 85C Model Hold 'CLK'
Slack : -0.042
TNS   : -0.042

Type  : Slow 1200mV 85C Model Hold 'inst7'
Slack : -0.012
TNS   : -0.012

Type  : Slow 1200mV 85C Model Hold 'inst3'
Slack : 0.013
TNS   : 0.000

Type  : Slow 1200mV 85C Model Hold 'inst'
Slack : 0.021
TNS   : 0.000

Type  : Slow 1200mV 85C Model Hold 'inst37'
Slack : 0.031
TNS   : 0.000

Type  : Slow 1200mV 85C Model Hold 'inst43'
Slack : 0.032
TNS   : 0.000

Type  : Slow 1200mV 85C Model Hold 'inst5'
Slack : 0.032
TNS   : 0.000

Type  : Slow 1200mV 85C Model Hold 'inst11'
Slack : 0.035
TNS   : 0.000

Type  : Slow 1200mV 85C Model Hold 'inst19'
Slack : 0.039
TNS   : 0.000

Type  : Slow 1200mV 85C Model Hold 'inst27'
Slack : 0.039
TNS   : 0.000

Type  : Slow 1200mV 85C Model Hold 'inst23'
Slack : 0.040
TNS   : 0.000

Type  : Slow 1200mV 85C Model Hold 'inst35'
Slack : 0.042
TNS   : 0.000

Type  : Slow 1200mV 85C Model Hold 'inst18'
Slack : 0.120
TNS   : 0.000

Type  : Slow 1200mV 85C Model Hold 'inst9'
Slack : 0.120
TNS   : 0.000

Type  : Slow 1200mV 85C Model Hold 'inst25'
Slack : 0.131
TNS   : 0.000

Type  : Slow 1200mV 85C Model Hold 'inst13'
Slack : 0.132
TNS   : 0.000

Type  : Slow 1200mV 85C Model Hold 'inst33'
Slack : 0.133
TNS   : 0.000

Type  : Slow 1200mV 85C Model Hold 'inst41'
Slack : 0.133
TNS   : 0.000

Type  : Slow 1200mV 85C Model Hold 'inst21'
Slack : 0.139
TNS   : 0.000

Type  : Slow 1200mV 85C Model Hold 'inst29'
Slack : 0.139
TNS   : 0.000

Type  : Slow 1200mV 85C Model Hold 'inst45'
Slack : 0.385
TNS   : 0.000

Type  : Slow 1200mV 85C Model Minimum Pulse Width 'CLK'
Slack : -3.000
TNS   : -4.000

Type  : Slow 1200mV 85C Model Minimum Pulse Width 'inst'
Slack : -1.000
TNS   : -1.000

Type  : Slow 1200mV 85C Model Minimum Pulse Width 'inst11'
Slack : -1.000
TNS   : -1.000

Type  : Slow 1200mV 85C Model Minimum Pulse Width 'inst13'
Slack : -1.000
TNS   : -1.000

Type  : Slow 1200mV 85C Model Minimum Pulse Width 'inst15'
Slack : -1.000
TNS   : -1.000

Type  : Slow 1200mV 85C Model Minimum Pulse Width 'inst18'
Slack : -1.000
TNS   : -1.000

Type  : Slow 1200mV 85C Model Minimum Pulse Width 'inst19'
Slack : -1.000
TNS   : -1.000

Type  : Slow 1200mV 85C Model Minimum Pulse Width 'inst21'
Slack : -1.000
TNS   : -1.000

Type  : Slow 1200mV 85C Model Minimum Pulse Width 'inst23'
Slack : -1.000
TNS   : -1.000

Type  : Slow 1200mV 85C Model Minimum Pulse Width 'inst25'
Slack : -1.000
TNS   : -1.000

Type  : Slow 1200mV 85C Model Minimum Pulse Width 'inst27'
Slack : -1.000
TNS   : -1.000

Type  : Slow 1200mV 85C Model Minimum Pulse Width 'inst29'
Slack : -1.000
TNS   : -1.000

Type  : Slow 1200mV 85C Model Minimum Pulse Width 'inst3'
Slack : -1.000
TNS   : -1.000

Type  : Slow 1200mV 85C Model Minimum Pulse Width 'inst31'
Slack : -1.000
TNS   : -1.000

Type  : Slow 1200mV 85C Model Minimum Pulse Width 'inst33'
Slack : -1.000
TNS   : -1.000

Type  : Slow 1200mV 85C Model Minimum Pulse Width 'inst35'
Slack : -1.000
TNS   : -1.000

Type  : Slow 1200mV 85C Model Minimum Pulse Width 'inst37'
Slack : -1.000
TNS   : -1.000

Type  : Slow 1200mV 85C Model Minimum Pulse Width 'inst39'
Slack : -1.000
TNS   : -1.000

Type  : Slow 1200mV 85C Model Minimum Pulse Width 'inst41'
Slack : -1.000
TNS   : -1.000

Type  : Slow 1200mV 85C Model Minimum Pulse Width 'inst43'
Slack : -1.000
TNS   : -1.000

Type  : Slow 1200mV 85C Model Minimum Pulse Width 'inst45'
Slack : -1.000
TNS   : -1.000

Type  : Slow 1200mV 85C Model Minimum Pulse Width 'inst5'
Slack : -1.000
TNS   : -1.000

Type  : Slow 1200mV 85C Model Minimum Pulse Width 'inst7'
Slack : -1.000
TNS   : -1.000

Type  : Slow 1200mV 85C Model Minimum Pulse Width 'inst9'
Slack : -1.000
TNS   : -1.000

Type  : Slow 1200mV 0C Model Setup 'inst21'
Slack : 0.062
TNS   : 0.000

Type  : Slow 1200mV 0C Model Setup 'inst29'
Slack : 0.062
TNS   : 0.000

Type  : Slow 1200mV 0C Model Setup 'inst33'
Slack : 0.063
TNS   : 0.000

Type  : Slow 1200mV 0C Model Setup 'inst41'
Slack : 0.063
TNS   : 0.000

Type  : Slow 1200mV 0C Model Setup 'inst25'
Slack : 0.065
TNS   : 0.000

Type  : Slow 1200mV 0C Model Setup 'inst13'
Slack : 0.069
TNS   : 0.000

Type  : Slow 1200mV 0C Model Setup 'inst18'
Slack : 0.075
TNS   : 0.000

Type  : Slow 1200mV 0C Model Setup 'inst9'
Slack : 0.075
TNS   : 0.000

Type  : Slow 1200mV 0C Model Setup 'inst23'
Slack : 0.083
TNS   : 0.000

Type  : Slow 1200mV 0C Model Setup 'inst19'
Slack : 0.090
TNS   : 0.000

Type  : Slow 1200mV 0C Model Setup 'inst35'
Slack : 0.090
TNS   : 0.000

Type  : Slow 1200mV 0C Model Setup 'inst27'
Slack : 0.092
TNS   : 0.000

Type  : Slow 1200mV 0C Model Setup 'inst11'
Slack : 0.095
TNS   : 0.000

Type  : Slow 1200mV 0C Model Setup 'inst43'
Slack : 0.096
TNS   : 0.000

Type  : Slow 1200mV 0C Model Setup 'inst3'
Slack : 0.109
TNS   : 0.000

Type  : Slow 1200mV 0C Model Setup 'CLK'
Slack : 0.164
TNS   : 0.000

Type  : Slow 1200mV 0C Model Setup 'inst7'
Slack : 0.206
TNS   : 0.000

Type  : Slow 1200mV 0C Model Setup 'inst37'
Slack : 0.231
TNS   : 0.000

Type  : Slow 1200mV 0C Model Setup 'inst5'
Slack : 0.231
TNS   : 0.000

Type  : Slow 1200mV 0C Model Setup 'inst'
Slack : 0.239
TNS   : 0.000

Type  : Slow 1200mV 0C Model Setup 'inst31'
Slack : 0.263
TNS   : 0.000

Type  : Slow 1200mV 0C Model Setup 'inst39'
Slack : 0.274
TNS   : 0.000

Type  : Slow 1200mV 0C Model Setup 'inst15'
Slack : 0.335
TNS   : 0.000

Type  : Slow 1200mV 0C Model Setup 'inst45'
Slack : 0.398
TNS   : 0.000

Type  : Slow 1200mV 0C Model Hold 'inst39'
Slack : -0.178
TNS   : -0.178

Type  : Slow 1200mV 0C Model Hold 'inst31'
Slack : -0.167
TNS   : -0.167

Type  : Slow 1200mV 0C Model Hold 'inst15'
Slack : -0.156
TNS   : -0.156

Type  : Slow 1200mV 0C Model Hold 'CLK'
Slack : -0.108
TNS   : -0.108

Type  : Slow 1200mV 0C Model Hold 'inst7'
Slack : -0.046
TNS   : -0.046

Type  : Slow 1200mV 0C Model Hold 'inst3'
Slack : -0.012
TNS   : -0.012

Type  : Slow 1200mV 0C Model Hold 'inst43'
Slack : 0.003
TNS   : 0.000

Type  : Slow 1200mV 0C Model Hold 'inst11'
Slack : 0.006
TNS   : 0.000

Type  : Slow 1200mV 0C Model Hold 'inst27'
Slack : 0.008
TNS   : 0.000

Type  : Slow 1200mV 0C Model Hold 'inst19'
Slack : 0.009
TNS   : 0.000

Type  : Slow 1200mV 0C Model Hold 'inst'
Slack : 0.010
TNS   : 0.000

Type  : Slow 1200mV 0C Model Hold 'inst35'
Slack : 0.011
TNS   : 0.000

Type  : Slow 1200mV 0C Model Hold 'inst23'
Slack : 0.016
TNS   : 0.000

Type  : Slow 1200mV 0C Model Hold 'inst37'
Slack : 0.018
TNS   : 0.000

Type  : Slow 1200mV 0C Model Hold 'inst5'
Slack : 0.018
TNS   : 0.000

Type  : Slow 1200mV 0C Model Hold 'inst18'
Slack : 0.103
TNS   : 0.000

Type  : Slow 1200mV 0C Model Hold 'inst9'
Slack : 0.103
TNS   : 0.000

Type  : Slow 1200mV 0C Model Hold 'inst13'
Slack : 0.112
TNS   : 0.000

Type  : Slow 1200mV 0C Model Hold 'inst25'
Slack : 0.113
TNS   : 0.000

Type  : Slow 1200mV 0C Model Hold 'inst33'
Slack : 0.116
TNS   : 0.000

Type  : Slow 1200mV 0C Model Hold 'inst41'
Slack : 0.116
TNS   : 0.000

Type  : Slow 1200mV 0C Model Hold 'inst21'
Slack : 0.119
TNS   : 0.000

Type  : Slow 1200mV 0C Model Hold 'inst29'
Slack : 0.119
TNS   : 0.000

Type  : Slow 1200mV 0C Model Hold 'inst45'
Slack : 0.341
TNS   : 0.000

Type  : Slow 1200mV 0C Model Minimum Pulse Width 'CLK'
Slack : -3.000
TNS   : -4.000

Type  : Slow 1200mV 0C Model Minimum Pulse Width 'inst'
Slack : -1.000
TNS   : -1.000

Type  : Slow 1200mV 0C Model Minimum Pulse Width 'inst11'
Slack : -1.000
TNS   : -1.000

Type  : Slow 1200mV 0C Model Minimum Pulse Width 'inst13'
Slack : -1.000
TNS   : -1.000

Type  : Slow 1200mV 0C Model Minimum Pulse Width 'inst15'
Slack : -1.000
TNS   : -1.000

Type  : Slow 1200mV 0C Model Minimum Pulse Width 'inst18'
Slack : -1.000
TNS   : -1.000

Type  : Slow 1200mV 0C Model Minimum Pulse Width 'inst19'
Slack : -1.000
TNS   : -1.000

Type  : Slow 1200mV 0C Model Minimum Pulse Width 'inst21'
Slack : -1.000
TNS   : -1.000

Type  : Slow 1200mV 0C Model Minimum Pulse Width 'inst23'
Slack : -1.000
TNS   : -1.000

Type  : Slow 1200mV 0C Model Minimum Pulse Width 'inst25'
Slack : -1.000
TNS   : -1.000

Type  : Slow 1200mV 0C Model Minimum Pulse Width 'inst27'
Slack : -1.000
TNS   : -1.000

Type  : Slow 1200mV 0C Model Minimum Pulse Width 'inst29'
Slack : -1.000
TNS   : -1.000

Type  : Slow 1200mV 0C Model Minimum Pulse Width 'inst3'
Slack : -1.000
TNS   : -1.000

Type  : Slow 1200mV 0C Model Minimum Pulse Width 'inst31'
Slack : -1.000
TNS   : -1.000

Type  : Slow 1200mV 0C Model Minimum Pulse Width 'inst33'
Slack : -1.000
TNS   : -1.000

Type  : Slow 1200mV 0C Model Minimum Pulse Width 'inst35'
Slack : -1.000
TNS   : -1.000

Type  : Slow 1200mV 0C Model Minimum Pulse Width 'inst37'
Slack : -1.000
TNS   : -1.000

Type  : Slow 1200mV 0C Model Minimum Pulse Width 'inst39'
Slack : -1.000
TNS   : -1.000

Type  : Slow 1200mV 0C Model Minimum Pulse Width 'inst41'
Slack : -1.000
TNS   : -1.000

Type  : Slow 1200mV 0C Model Minimum Pulse Width 'inst43'
Slack : -1.000
TNS   : -1.000

Type  : Slow 1200mV 0C Model Minimum Pulse Width 'inst45'
Slack : -1.000
TNS   : -1.000

Type  : Slow 1200mV 0C Model Minimum Pulse Width 'inst5'
Slack : -1.000
TNS   : -1.000

Type  : Slow 1200mV 0C Model Minimum Pulse Width 'inst7'
Slack : -1.000
TNS   : -1.000

Type  : Slow 1200mV 0C Model Minimum Pulse Width 'inst9'
Slack : -1.000
TNS   : -1.000

Type  : Fast 1200mV 0C Model Setup 'inst21'
Slack : 0.232
TNS   : 0.000

Type  : Fast 1200mV 0C Model Setup 'inst29'
Slack : 0.232
TNS   : 0.000

Type  : Fast 1200mV 0C Model Setup 'inst35'
Slack : 0.232
TNS   : 0.000

Type  : Fast 1200mV 0C Model Setup 'inst23'
Slack : 0.235
TNS   : 0.000

Type  : Fast 1200mV 0C Model Setup 'inst27'
Slack : 0.235
TNS   : 0.000

Type  : Fast 1200mV 0C Model Setup 'inst19'
Slack : 0.236
TNS   : 0.000

Type  : Fast 1200mV 0C Model Setup 'inst33'
Slack : 0.236
TNS   : 0.000

Type  : Fast 1200mV 0C Model Setup 'inst41'
Slack : 0.236
TNS   : 0.000

Type  : Fast 1200mV 0C Model Setup 'inst25'
Slack : 0.237
TNS   : 0.000

Type  : Fast 1200mV 0C Model Setup 'inst43'
Slack : 0.237
TNS   : 0.000

Type  : Fast 1200mV 0C Model Setup 'inst11'
Slack : 0.240
TNS   : 0.000

Type  : Fast 1200mV 0C Model Setup 'inst13'
Slack : 0.240
TNS   : 0.000

Type  : Fast 1200mV 0C Model Setup 'inst18'
Slack : 0.243
TNS   : 0.000

Type  : Fast 1200mV 0C Model Setup 'inst9'
Slack : 0.243
TNS   : 0.000

Type  : Fast 1200mV 0C Model Setup 'inst3'
Slack : 0.244
TNS   : 0.000

Type  : Fast 1200mV 0C Model Setup 'CLK'
Slack : 0.265
TNS   : 0.000

Type  : Fast 1200mV 0C Model Setup 'inst7'
Slack : 0.328
TNS   : 0.000

Type  : Fast 1200mV 0C Model Setup 'inst31'
Slack : 0.329
TNS   : 0.000

Type  : Fast 1200mV 0C Model Setup 'inst39'
Slack : 0.340
TNS   : 0.000

Type  : Fast 1200mV 0C Model Setup 'inst5'
Slack : 0.360
TNS   : 0.000

Type  : Fast 1200mV 0C Model Setup 'inst37'
Slack : 0.362
TNS   : 0.000

Type  : Fast 1200mV 0C Model Setup 'inst'
Slack : 0.363
TNS   : 0.000

Type  : Fast 1200mV 0C Model Setup 'inst15'
Slack : 0.391
TNS   : 0.000

Type  : Fast 1200mV 0C Model Setup 'inst45'
Slack : 0.626
TNS   : 0.000

Type  : Fast 1200mV 0C Model Hold 'inst39'
Slack : -0.088
TNS   : -0.088

Type  : Fast 1200mV 0C Model Hold 'inst15'
Slack : -0.083
TNS   : -0.083

Type  : Fast 1200mV 0C Model Hold 'inst31'
Slack : -0.076
TNS   : -0.076

Type  : Fast 1200mV 0C Model Hold 'CLK'
Slack : -0.055
TNS   : -0.055

Type  : Fast 1200mV 0C Model Hold 'inst7'
Slack : -0.030
TNS   : -0.030

Type  : Fast 1200mV 0C Model Hold 'inst'
Slack : -0.007
TNS   : -0.007

Type  : Fast 1200mV 0C Model Hold 'inst37'
Slack : -0.007
TNS   : -0.007

Type  : Fast 1200mV 0C Model Hold 'inst5'
Slack : -0.005
TNS   : -0.005

Type  : Fast 1200mV 0C Model Hold 'inst3'
Slack : 0.009
TNS   : 0.000

Type  : Fast 1200mV 0C Model Hold 'inst43'
Slack : 0.017
TNS   : 0.000

Type  : Fast 1200mV 0C Model Hold 'inst11'
Slack : 0.021
TNS   : 0.000

Type  : Fast 1200mV 0C Model Hold 'inst19'
Slack : 0.022
TNS   : 0.000

Type  : Fast 1200mV 0C Model Hold 'inst23'
Slack : 0.022
TNS   : 0.000

Type  : Fast 1200mV 0C Model Hold 'inst27'
Slack : 0.022
TNS   : 0.000

Type  : Fast 1200mV 0C Model Hold 'inst35'
Slack : 0.026
TNS   : 0.000

Type  : Fast 1200mV 0C Model Hold 'inst18'
Slack : 0.047
TNS   : 0.000

Type  : Fast 1200mV 0C Model Hold 'inst9'
Slack : 0.047
TNS   : 0.000

Type  : Fast 1200mV 0C Model Hold 'inst13'
Slack : 0.050
TNS   : 0.000

Type  : Fast 1200mV 0C Model Hold 'inst25'
Slack : 0.053
TNS   : 0.000

Type  : Fast 1200mV 0C Model Hold 'inst33'
Slack : 0.054
TNS   : 0.000

Type  : Fast 1200mV 0C Model Hold 'inst41'
Slack : 0.054
TNS   : 0.000

Type  : Fast 1200mV 0C Model Hold 'inst21'
Slack : 0.058
TNS   : 0.000

Type  : Fast 1200mV 0C Model Hold 'inst29'
Slack : 0.058
TNS   : 0.000

Type  : Fast 1200mV 0C Model Hold 'inst45'
Slack : 0.208
TNS   : 0.000

Type  : Fast 1200mV 0C Model Minimum Pulse Width 'CLK'
Slack : -3.000
TNS   : -4.055

Type  : Fast 1200mV 0C Model Minimum Pulse Width 'inst'
Slack : -1.000
TNS   : -1.000

Type  : Fast 1200mV 0C Model Minimum Pulse Width 'inst11'
Slack : -1.000
TNS   : -1.000

Type  : Fast 1200mV 0C Model Minimum Pulse Width 'inst13'
Slack : -1.000
TNS   : -1.000

Type  : Fast 1200mV 0C Model Minimum Pulse Width 'inst15'
Slack : -1.000
TNS   : -1.000

Type  : Fast 1200mV 0C Model Minimum Pulse Width 'inst18'
Slack : -1.000
TNS   : -1.000

Type  : Fast 1200mV 0C Model Minimum Pulse Width 'inst19'
Slack : -1.000
TNS   : -1.000

Type  : Fast 1200mV 0C Model Minimum Pulse Width 'inst21'
Slack : -1.000
TNS   : -1.000

Type  : Fast 1200mV 0C Model Minimum Pulse Width 'inst23'
Slack : -1.000
TNS   : -1.000

Type  : Fast 1200mV 0C Model Minimum Pulse Width 'inst25'
Slack : -1.000
TNS   : -1.000

Type  : Fast 1200mV 0C Model Minimum Pulse Width 'inst27'
Slack : -1.000
TNS   : -1.000

Type  : Fast 1200mV 0C Model Minimum Pulse Width 'inst29'
Slack : -1.000
TNS   : -1.000

Type  : Fast 1200mV 0C Model Minimum Pulse Width 'inst3'
Slack : -1.000
TNS   : -1.000

Type  : Fast 1200mV 0C Model Minimum Pulse Width 'inst31'
Slack : -1.000
TNS   : -1.000

Type  : Fast 1200mV 0C Model Minimum Pulse Width 'inst33'
Slack : -1.000
TNS   : -1.000

Type  : Fast 1200mV 0C Model Minimum Pulse Width 'inst35'
Slack : -1.000
TNS   : -1.000

Type  : Fast 1200mV 0C Model Minimum Pulse Width 'inst37'
Slack : -1.000
TNS   : -1.000

Type  : Fast 1200mV 0C Model Minimum Pulse Width 'inst39'
Slack : -1.000
TNS   : -1.000

Type  : Fast 1200mV 0C Model Minimum Pulse Width 'inst41'
Slack : -1.000
TNS   : -1.000

Type  : Fast 1200mV 0C Model Minimum Pulse Width 'inst43'
Slack : -1.000
TNS   : -1.000

Type  : Fast 1200mV 0C Model Minimum Pulse Width 'inst45'
Slack : -1.000
TNS   : -1.000

Type  : Fast 1200mV 0C Model Minimum Pulse Width 'inst5'
Slack : -1.000
TNS   : -1.000

Type  : Fast 1200mV 0C Model Minimum Pulse Width 'inst7'
Slack : -1.000
TNS   : -1.000

Type  : Fast 1200mV 0C Model Minimum Pulse Width 'inst9'
Slack : -1.000
TNS   : -1.000

------------------------------------------------------------
