------------------------------------------------------------
TimeQuest Timing Analyzer Summary
------------------------------------------------------------

Type  : Slow 1200mV 85C Model Setup 'CLK'
Slack : -1.487
TNS   : -32.919

Type  : Slow 1200mV 85C Model Hold 'CLK'
Slack : 0.343
TNS   : 0.000

Type  : Slow 1200mV 85C Model Recovery 'CLK'
Slack : -0.465
TNS   : -5.862

Type  : Slow 1200mV 85C Model Removal 'CLK'
Slack : 0.905
TNS   : 0.000

Type  : Slow 1200mV 85C Model Minimum Pulse Width 'CLK'
Slack : -3.000
TNS   : -45.000

Type  : Slow 1200mV 0C Model Setup 'CLK'
Slack : -1.235
TNS   : -25.948

Type  : Slow 1200mV 0C Model Hold 'CLK'
Slack : 0.299
TNS   : 0.000

Type  : Slow 1200mV 0C Model Recovery 'CLK'
Slack : -0.311
TNS   : -3.625

Type  : Slow 1200mV 0C Model Removal 'CLK'
Slack : 0.808
TNS   : 0.000

Type  : Slow 1200mV 0C Model Minimum Pulse Width 'CLK'
Slack : -3.000
TNS   : -45.000

Type  : Fast 1200mV 0C Model Setup 'CLK'
Slack : -0.407
TNS   : -4.508

Type  : Fast 1200mV 0C Model Hold 'CLK'
Slack : 0.180
TNS   : 0.000

Type  : Fast 1200mV 0C Model Recovery 'CLK'
Slack : 0.166
TNS   : 0.000

Type  : Fast 1200mV 0C Model Removal 'CLK'
Slack : 0.506
TNS   : 0.000

Type  : Fast 1200mV 0C Model Minimum Pulse Width 'CLK'
Slack : -3.000
TNS   : -47.491

------------------------------------------------------------
